._IO_getc
._IO_putc
.__assert_fail
.__ctype_b_loc
.__errno_location
.__fdelt_chk
.__fxstat
.__isoc99_sscanf
.__longjmp_chk
.__lxstat
.__memcpy_chk
.__memmove_chk
.__sprintf_chk
.__stack_chk_fail
.__stpcpy_chk
.__strcat_chk
.__strcpy_chk
.__xstat
._exit
.access
.acl_set_file
.alarm
.bind_textdomain_codeset
.bindtextdomain
.chdir
.chmod
.close
.ctime
.dcgettext
.dcngettext
.dlclose
.dlerror
.dlopen
.dup
.dup2
.endpwent
.execvp
.exit
.fchdir
.fchown
.fclose
.fcntl
.fdopen
.feof
.ferror
.fflush
.fgets
.fileno
.floor
.fopen
.fork
.fprintf
.fputc
.fputs
.fread
.free
.freecon
.fseek
.fseeko
.ftell
.ftello
.fwrite
.getcwd
.getenv
.getfilecon
.getpid
.getpwent
.getpwuid
.getrlimit
.getsockopt
.gettimeofday
.getuid
.iconv
.iconv_close
.iconv_open
.init_proc
.ioctl
.is_selinux_enabled
.isatty
.iswupper
.kill
.localtime
.lseek
.malloc
.mblen
.memcpy
.memmove
.memset
.mkdir
.nanosleep
.open
.printf
.putchar
.qsort
.rand
.read
.readlink
.realloc
.rename
.rmdir
.select
.setenv
.setfilecon
.setlocale
.setpwent
.setsid
.sigaction
.sigaddset
.sigaltstack
.sigemptyset
.signal
.sigprocmask
.sigset
.sprintf
.stpcpy
.strcat
.strchr
.strcpy
.strerror
.strftime
.strlen
.strncasecmp
.strncat
.strncmp
.strncpy
.strpbrk
.strrchr
.strstr
.strtod
.strtok
.strtol
.sync
.sysconf
.tcflush
.tcgetattr
.tcsetattr
.textdomain
.tgetent
.tgetflag
.tgetnum
.tgetstr
.tgoto
.time
.towlower
.towupper
.umask
.unlink
.utime
.waitpid
.write
A_is_f
A_is_ok
A_is_s
A_is_valid
AppendCharToRedobuff
AppendNumberToRedobuff
AppendToRedobuff
AppendToRedobuffLit
CancelRedo
ExpandBufnames
ExpandEscape
ExpandFromContext
ExpandGeneric
ExpandRTDir
F_is_TyB_TyC_TyD
FreeWild
FullName_save
RealWaitForChar
ResetRedobuff
WaitForCharOrMouse
__do_global_dtors_aux
aborted_in_try
aborting
add_banned
add_channel
add_char_buff
add_cmd_modifier
add_err
add_fromto
add_map
add_menu_path
add_msg_hist
add_pathsep
add_tag_field
add_termcap_entry
add_termcode
add_timer_info_all
add_to_history
add_to_showcmd
add_to_showcmd_c
addfile
addstate
addstate_here
adjust_cursor
adjust_cursor_col
adjust_cursor_eol
adjust_for_sel
aff_check_string
aff_check_string_0
affitem2flag
after_pathsep
alist_add
alist_clear
alist_init
alist_name
alist_new
alist_set
alist_unlink
allbuf_locked
allcap_copy
alloc
alloc_check
alloc_does_fail
alloc_id
alloc_tabpage
alloc_tv
alloc_typebuf
append_arg_number
append_command
append_ga_line
append_redir
appended_lines
apply_autocmds
apply_autocmds_group
apply_autocmds_retval
approximate_botline_win
arabic_combine
arabic_maycombine
arabic_maycombine_0
arabic_shape
ask_yesno
assert_bool
assert_exception
assert_fails
assert_inrange
assert_match_common
au_event_disable
au_event_restore
au_exists
au_find_group
au_has_group
aubuflocal_remove
aucmd_abort
aucmd_prepbuf
aucmd_restbuf
auto_format
autocmd_supported
autoload_name
autowrite
autowrite_all
back_in_line
backspace_until_column
barline_writestring
bckend_word
beep_flush
before_blocking
beginline
bf_key_init
block_autocmds
block_signals
blowfish_self_test
bomb_size
botline_forw
botline_topline
briopt_check
bt_regcomp
bt_regexec_both
bufIsChanged
buf_addsign
buf_change_sign_type
buf_check_timestamp
buf_clear_file
buf_contents_changed
buf_delete_all_signs
buf_delete_signs
buf_delsign
buf_findsign
buf_findsign_id
buf_findsigntype_id
buf_hide
buf_init_chartab
buf_jump_open_win
buf_modname
buf_name_changed
buf_reload
buf_set_name
buf_setino
buf_valid
buf_win_common
buf_write_all
buflist_altfpos
buflist_find_by_name
buflist_findfpos
buflist_findlnum
buflist_findname
buflist_findname_exp
buflist_findnr
buflist_findpat
buflist_getfpos
buflist_list
buflist_name_nr
buflist_new
buflist_nr2name
buflist_setfpos
bufref_valid
byte2cells
calc_hist_idx
call_func
call_internal_func
call_shell
call_user_expand_func
canF_Ljoin
canF_Rjoin
can_abandon
can_bs
can_clear
can_write_buf_line
cat_func_name
cat_prefix_varname
catch_sigint
catch_signals
catch_sigpwr
cause_errthrow
ch_error
ch_expr_common
ch_logfile
ch_raw_common
change_compatible
change_indent
change_warning
changed
changedOneline
changed_bytes
changed_cline_bef_curs
changed_cline_bef_curs_win
changed_common
changed_line_abv_curs
changed_line_abv_curs_win
changed_lines
changed_window_setting
changed_window_setting_win
channel_clear
channel_clear_one
channel_close
channel_collapse
channel_first_nl
channel_free
channel_free_channel
channel_free_contents
channel_get_all
channel_get_json
channel_info
channel_may_free
channel_open
channel_open_func
channel_parse_json
channel_parse_messages
channel_part_info
channel_read
channel_read_block
channel_select_setup
channel_send
channel_set_job
channel_set_options
channel_set_req_callback
channel_still_useful
channel_unref
channel_wait
channel_write_in
channel_write_new_lines
char2cells
check_abbr
check_auto_format
check_cedit
check_closed
check_cursor
check_cursor_col
check_cursor_lnum
check_ff_value
check_file_readonly
check_fname
check_for_codes_from_term
check_for_delay
check_help_lang
check_lnums
check_map_keycodes
check_mark
check_marks_read
check_more
check_need_swap
check_nextcmd
check_nomodeline
check_opt_wim
check_options
check_overwrite
check_overwrite_0
check_pos
check_readonly
check_restricted
check_restricted_0
check_secure
check_shellsize
check_state_ends
check_status
check_suggestions
check_termcode
check_timestamps
check_top_offset
check_topfill
check_topfill_0
check_vars
check_visual_highlight
check_visual_highlight_0
checkforcmd
checkpcmark
checkupdate
chg_c_a2i
chg_c_a2s
chg_c_toX_orX
chg_c_to_X_orX_
chg_c_to_X_or_X
chg_l_toXor_X
chk_modeline
cin_ends_in
cin_first_id_amount
cin_get_equal_amount
cin_is_cinword
cin_is_cpp_namespace
cin_isbreak
cin_iscase
cin_isdefault
cin_isdo
cin_iselse
cin_isfuncdecl
cin_islabel
cin_islabel_skip
cin_ispreproc_cont
cin_isscopedecl
cin_starts_with
cleanup_conditionals
cleanup_suggestions
cleanup_zsubexpr
clearFolding
clear_current_funccal
clear_current_state
clear_keywtab
clear_lval
clear_matches
clear_oparg
clear_showcmd
clear_showcmd_0
clear_string_option
clear_termcodes
clear_termoptions
clear_tv
clear_wininfo
clear_winopt
clearmode
cloneFoldGrowArray
closeFold
closeFoldRecurse
close_last_window_tabpage
close_others
close_redir
close_spellbuf
close_windows
closescript
clr_history
cls
cmd_exists
cmd_gchar
cmd_pchar
cmd_source
cmd_with_count
cmdcomplete_str_to_type
cmdl_fkmap
cmdline_changed
cmdline_charsize
cmdline_del
cmdline_paste
col_print
coladvance
coladvance2
coladvance_force
coll_get_char
collection
coloncmd
command_height
common_channel_read
common_function
common_init
comp_col
comp_textwidth
compar
compatible_set
compile_cap_prog
completeopt_was_set
compute_cmdrow
concat_fnames
concat_str
conceal_check_cursur_line
conceal_cursor_line
conceal_cursor_line_0
convert_input_safe
convert_setup
copyFoldingState
copy_redo
copy_sub
copy_sub_off
copy_text_attr
copy_tv
copy_viminfo_marks
copy_winopt
correct_cmdspos
corruption_error
count_common_word
create_timer
crypt_append_msg
crypt_blowfish_init
crypt_check_current_method
crypt_check_method
crypt_check_method_0
crypt_create
crypt_create_for_writing
crypt_create_from_file
crypt_decode_inplace
crypt_encode
crypt_free_key
crypt_free_state
crypt_get_header_len
crypt_get_key
crypt_self_test
crypt_set_cm_option
crypt_whole_undofile
crypt_works_inplace
crypt_zip_decode
crypt_zip_encode
crypt_zip_init
cs_add
cs_add_common
cs_connection
cs_end
cs_find
cs_help
cs_insert_filelist
cs_kill
cs_kill_execute
cs_parse_results
cs_read_prompt
cs_reading_emsg
cs_release_csp
cs_reset
cs_show
cs_stat_emsg
cs_usage_msg
csh_like_shell
curbuf_locked
current_func_returned
current_quote
current_search
current_sent
current_tagblock
current_word
curs_columns
cursor_down
cursor_off
cursor_on
cursor_on_0
curwin_col_off
curwin_col_off2
dbcs_head_off
dbcs_ptr2char
dbcs_ptr2len
dbcs_ptr2len_len
dbcs_screen_head_off_0
dbg_breakpoint
dbg_check_skipped
dbg_find_breakpoint
dbg_parsearg
dec
decl
def_1100F5
def_132E78
def_1332CE
def_1342A5
def_135667
def_135907
def_135E4F
def_136C1E
def_137979
def_137B51
def_138193
def_138B65
def_1457CC
def_145A78
def_145E6C
def_146522
def_14A06F
def_14A5EC
def_14A72A
def_14B3ED
def_14C85E
def_14E409
def_14E5EB
def_15BB8A
def_17B14D
def_17FFA7
def_1855FB
def_19856D
def_19DEFB
def_1A48F7
def_1B47E8
def_1B4A4B
def_1BB876
def_1C54ED
def_1C5BBF
def_1C5BE8
def_1C6027
def_1CA8BC
def_1CB6D0
def_1CC96E
def_1D2F95
def_1DEC6F
def_1E5AF1
def_1E5D4F
def_1E5D6E
def_2A8EE
def_2BCED
def_2BF5D
def_2C2B3
def_2C4A0
def_30F1F
def_3256D
def_33251
def_47262
def_4F47E
def_4FB35
def_4FD7D
def_500DE
def_50538
def_51BC5
def_528F5
def_5326C
def_54273
def_54377
def_5445F
def_55F10
def_56278
def_5990C
def_5A116
def_5E8FE
def_650ED
def_68F89
def_77813
def_7AA25
def_7BED3
def_7BEF3
def_839B6
def_843BE
def_85257
def_8556B
def_85655
def_86498
def_881AF
def_8BBD1
def_8CCC4
def_8CF7F
def_8DD80
def_8FE9F
def_905CB
def_94947
def_95BFB
def_95CCA
def_9720D
def_A314A
def_A37B3
def_A3A38
def_A464D
def_A5F16
def_A5F7A
def_A6012
def_C9988
def_C99FA
def_CE17F
def_D6C51
def_E76EC
def_F7597
def_F7808
def_FD454
def_FE6EC
default_fileformat
del_bytes
del_char
del_char_after_col
del_chars
del_from_showcmd
del_history_entry
del_history_idx
del_lines
del_menutrans_vars
del_mouse_termcode
del_termcode
del_trailing_spaces
delbuf_msg
deleteFoldEntry
deleteFoldMarkers
delete_recursive
deleted_lines
deleted_lines_mark
deref_func_name
deregister_tm_clones
dialog_changed
dialog_msg
dict2string
dict_add
dict_add_dict
dict_add_list
dict_add_nr_str
dict_alloc
dict_copy
dict_equal
dict_extend
dict_find
dict_free_dict
dict_free_items
dict_free_nonref
dict_list
dict_lookup
dict_unref
dictitem_alloc
dictitem_free
dictitem_remove
did_set_option
did_set_spell_option
did_set_string_option
did_set_title
didset_options2
diff_buf_add
diff_buf_adjust
diff_buf_delete
diff_check
diff_check_fill
diff_clear
diff_file
diff_get_corresponding_line
diff_infold
diff_invalidate
diff_lnum_win
diff_mode_buf
diff_move_to
diff_redraw
diff_win_options
diff_write
diffopt_horizontal
dir_of_file_exists
discard_exception
discard_pending_return
disp
disp_sb_line
display_confirm_msg
display_dollar
display_showcmd
doESCkey
do_Lower
do_Upper
do_arg_all
do_ascii
do_augroup
do_autochdir
do_autocmd
do_autocmd_event
do_buffer
do_c_expr_indent
do_check_cursorbind
do_check_scrollbind
do_checkbacktracelevel
do_cmdline_cmd
do_cscope_general
do_debug
do_dialog
do_dialog_0
do_digraph
do_doautocmd
do_errthrow
do_execreg
do_exedit
do_exmap
do_exmode
do_finish
do_fixdel
do_helptags
do_highlight
do_in_path
do_insert_char_pre
do_intr
do_join
do_lower
do_modelines
do_mouse
do_multibyte
do_outofmem_msg
do_outofmem_msg_0
do_pending_operator
do_put
do_record
do_return
do_search
do_searchpair
do_set
do_showbacktrace
do_sleep
do_sort_uniq
do_source
do_string_sub
do_sub
do_sub_msg
do_tag
do_tags
do_throw
do_unlet
do_upper
do_viminfo
do_window
do_write
docomplete
done
dozet
draw_cmdline
draw_tabline
dump_word
echeck_abbr
echo_string
echo_string_core
edit
edit_putchar
edit_unputchar
editing_arg_idx
elapsed
emsg
emsg2
emsg3
emsg_funcname
emsg_invreg
emsg_not_now
emsgn
enc_canon_props
enc_canonize
enc_skip
end
end
end
end_visual_mode
end_word
ends_excmd
ends_excmd_0
ends_in_white
erret
error
error
error_block
errorret
escape_fname
eval0
eval1
eval3
eval5
eval6
eval7
eval_charconvert
eval_diff
eval_expr
eval_fname_script
eval_foldexpr
eval_for_line
eval_includeexpr
eval_init
eval_isnamec
eval_isnamec1
eval_map_expr
eval_patch
eval_printexpr
eval_soundfold
eval_spell_expr
eval_to_bool
eval_to_string
eval_to_string_safe
eval_vars
event_name2nr
ex_X
ex_abbreviate
ex_abclear
ex_align
ex_all
ex_argadd
ex_argdelete
ex_args
ex_argument
ex_at
ex_autocmd
ex_behave
ex_bmodified
ex_break
ex_breakadd
ex_breakdel
ex_breaklist
ex_buffer
ex_buffer_all
ex_call
ex_catch
ex_cbottom
ex_cd
ex_changes
ex_checkpath
ex_checktime
ex_clearjumps
ex_close
ex_colorscheme
ex_comclear
ex_command
ex_compiler
ex_continue
ex_copen
ex_copy
ex_copymove
ex_cscope
ex_cstag
ex_cwindow
ex_debug
ex_debuggreedy
ex_delfunction
ex_diffgetput
ex_diffoff
ex_diffpatch
ex_diffthis
ex_diffupdate
ex_digraphs
ex_display
ex_doautoall
ex_doautocmd
ex_echo
ex_edit
ex_else
ex_endfunction
ex_endif
ex_endtry
ex_endwhile
ex_equal
ex_execute
ex_exit
ex_exusage
ex_filetype
ex_finally
ex_find
ex_findpat
ex_finish
ex_fold
ex_folddo
ex_foldopen
ex_function
ex_goto
ex_hardcopy
ex_helpgrep
ex_hide
ex_highlight
ex_history
ex_if
ex_intro
ex_join
ex_jumps
ex_language
ex_last
ex_later
ex_let_one
ex_loadkeymap
ex_loadview
ex_lockvar
ex_make
ex_map
ex_mapclear
ex_mark
ex_match
ex_may_print
ex_menutranslate
ex_messages
ex_mkrc
ex_mkspell
ex_mode
ex_nbclose
ex_nbkey
ex_nbstart
ex_next
ex_ni
ex_nohlsearch
ex_normal
ex_oldfiles
ex_only
ex_open
ex_operators
ex_options
ex_ownsyntax
ex_pclose
ex_pedit
ex_preserve
ex_previous
ex_print
ex_profile
ex_psearch
ex_ptag
ex_put
ex_pwd
ex_quit
ex_quit_all
ex_read
ex_recover
ex_redir
ex_redo
ex_redraw
ex_redrawstatus
ex_resize
ex_retab
ex_return
ex_rewind
ex_rundo
ex_runtime
ex_script_ni
ex_scriptencoding
ex_scriptnames
ex_scscope
ex_setfiletype
ex_sign
ex_sleep
ex_sort
ex_source
ex_spell
ex_spelldump
ex_spellinfo
ex_spellrepall
ex_splitview
ex_stag
ex_stop
ex_stopinsert
ex_submagic
ex_swapname
ex_syncbind
ex_syntax
ex_tabclose
ex_tabonly
ex_tabs
ex_tag
ex_tag_cmd
ex_throw
ex_try
ex_undo
ex_undojoin
ex_unlet
ex_unmap
ex_update
ex_version
ex_vimgrep
ex_viminfo
ex_viusage
ex_while
ex_win_close
ex_wincmd
ex_winpos
ex_winsize
ex_write
ex_wundo
ex_z
exec_normal
exec_normal_cmd
executable_file
exit_scroll
expand_cmdline
expand_env
expand_env_save
expand_filename
expand_showtail
expand_spelling
expand_tag_fname
expand_wildcards
expand_wildcards_eval
extend
f_abs
f_add
f_and
f_append
f_argc
f_argidx
f_arglistid
f_argv
f_assert_exception
f_assert_fails
f_assert_inrange
f_assert_notequal
f_bufexists
f_bufname
f_bufnr
f_byte2line
f_ch_canread
f_ch_close
f_ch_close_in
f_ch_evalexpr
f_ch_getbufnr
f_ch_getjob
f_ch_info
f_ch_log
f_ch_logfile
f_ch_open
f_ch_read
f_ch_readraw
f_ch_sendexpr
f_ch_setoptions
f_ch_status
f_changenr
f_char2nr
f_cindent
f_clearmatches
f_col
f_complete
f_complete_add
f_complete_check
f_confirm
f_copy
f_cscope_connection
f_cursor
f_deepcopy
f_delete
f_did_filetype
f_diff_filler
f_diff_hlID
f_empty
f_escape
f_eval
f_eventhandler
f_executable
f_exepath
f_exists
f_expand
f_extend
f_feedkeys
f_filereadable
f_filewritable
f_findfile
f_fnameescape
f_fnamemodify
f_foldclosed
f_foldclosedend
f_foldlevel
f_foldtext
f_foldtextresult
f_funcref
f_function
f_garbagecollect
f_get
f_getbufinfo
f_getchar
f_getcharmod
f_getcharsearch
f_getcmdline
f_getcmdwintype
f_getcompletion
f_getcurpos
f_getcwd
f_getfperm
f_getftime
f_getftype
f_getline
f_getloclist
f_getmatches
f_getpid
f_getpos
f_getreg
f_getregtype
f_gettabinfo
f_gettabvar
f_gettabwinvar
f_getwininfo
f_getwinvar
f_glob
f_glob2regpat
f_globpath
f_has
f_has_key
f_haslocaldir
f_hasmapto
f_histdel
f_histget
f_histnr
f_iconv
f_indent
f_index
f_input
f_inputdialog
f_inputlist
f_inputrestore
f_inputsave
f_inputsecret
f_insert
f_invert
f_isdirectory
f_islocked
f_job_getchannel
f_job_info
f_job_setoptions
f_job_status
f_job_stop
f_join
f_js_decode
f_js_encode
f_json_decode
f_json_encode
f_keys
f_last_buffer_nr
f_len
f_libcall
f_libcallnr
f_line
f_lispindent
f_localtime
f_maparg
f_mapcheck
f_matchaddpos
f_matcharg
f_matchdelete
f_max
f_min
f_mkdir
f_mode
f_nextnonblank
f_nr2char
f_or
f_pathshorten
f_prevnonblank
f_printf
f_pumvisible
f_range
f_reltime
f_reltimefloat
f_reltimestr
f_remove
f_rename
f_repeat
f_resolve
f_reverse
f_screenattr
f_screenchar
f_screencol
f_screenrow
f_search
f_searchdecl
f_searchpair
f_searchpairpos
f_searchpos
f_setbufvar
f_setcharsearch
f_setcmdpos
f_setfperm
f_setloclist
f_setmatches
f_setpos
f_setqflist
f_setreg
f_settabvar
f_settabwinvar
f_setwinvar
f_sha256
f_shiftwidth
f_simplify
f_sort
f_soundfold
f_spellbadword
f_split
f_sqrt
f_str2float
f_str2nr
f_strchars
f_strftime
f_strgetchar
f_stridx
f_string
f_strlen
f_strpart
f_strridx
f_strtrans
f_strwidth
f_submatch
f_synID
f_synIDattr
f_synIDtrans
f_synconcealed
f_synstack
f_system
f_systemlist
f_tabpagebuflist
f_tabpagewinnr
f_tagfiles
f_taglist
f_test_alloc_fail
f_test_autochdir
f_test_garbagecollect_now
f_test_settime
f_timer_info
f_timer_pause
f_timer_start
f_timer_stop
f_timer_stopall
f_tr
f_type
f_undofile
f_undotree
f_uniq
f_virtcol
f_visualmode
f_wildmenumode
f_win_findbuf
f_win_getid
f_win_id2tabwin
f_win_id2win
f_winbufnr
f_winrestview
f_winsaveview
f_wordcount
f_writefile
f_xor
fail
fail
fail
fail
failed
failret
failret
farsi_f8
farsi_f9
fast_breakcheck
fex_format
ff_check_visited
ff_clear
ff_create_stack_element
ff_free_stack_element
ff_get_visited_list
file_name_at_cursor
file_name_in_line
file_owned
fileinfo
filemess_0
filewritable
fill_assert_error
fill_foldcolumn
fill_numbuflen
filter_map
find_buffer
find_buffer_0
find_builtin_term
find_cmdline_var
find_command_0
find_decl
find_end_of_word
find_endpos
find_extra
find_file_in_path_option
find_file_name_in_path
find_first_blank
find_help_tags
find_hi_in_scoped_ht
find_ident_under_cursor
find_internal_func
find_keepcap_word
find_key_option
find_last_paren
find_match
find_match_char
find_mps_values
find_name_end
find_nextcmd
find_option_end
find_pattern_in_path
find_prev_quote
find_special_key
find_special_key_in_table
find_start_brace
find_start_of_word
find_start_rawstring
find_tabpage
find_tabwin
find_tags
find_term_bykeys
find_termcode
find_timer
find_var
find_var_ht
find_var_in_ht
find_var_in_scoped_ht
find_viminfo_parameter
find_win_by_nr
find_wininfo
find_word
find_word_end
find_word_start
findfilendir
findmatch
findoption
findpar
findsent
findsent_forward
findswapname
findtag_end
fini
finish_viminfo_marks
finish_viminfo_registers
finished
fix_fname
fix_help_buffer
fix_indent
fkmap
flag_in_afflist
flush_buffers
fm_getname
fmarks_check_names
fmt_check_par
fname2fnum
fname_match
fname_trans_sid
fnamecmp_ino
foldAdjustCursor
foldAdjustVisual
foldCheckClose
foldDelMarker
foldInsert
foldLevel
foldManualAllowed
foldOpenCursor
foldRemove
foldSplit
foldUpdate
foldUpdateAll
foldUpdate_0
fold_more
foldclosed_both
foldedCount
foldlevelDiff
foldlevelIndent
foldmethodIsDiff
foldmethodIsIndent
foldmethodIsManual
foldmethodIsMarker
foldmethodIsSyntax
fopen_noinh_readbin
force_cindent
format_lines
found_tagfile_cb
frame_add_height
frame_has_win
frame_setheight
free_buf_options
free_buff
free_buffer_stuff
free_callback
free_efm_list
free_for_info
free_funccal
free_global_msglist
free_menu
free_menu_string
free_msglist
free_one_termoption
free_screenlines
free_string_option
free_tabpage
free_termoptions
free_tv
free_typebuf
free_unused_channels_contents
free_unused_jobs
free_unused_jobs_contents
fullpathcmp
func_breakpoint
func_do_profile
func_has_abort
func_has_ended
func_init
func_line_end
func_line_exec
func_line_start
func_name
func_name_refcount
func_ptr_ref
func_ref
func_remove
func_unref
funccal_unref
function_exists
fwd_word
fwrite_crypt
ga_add_string
ga_append
ga_clear
ga_clear_strings
ga_concat_esc
ga_grow
garbage_collect
gchar_cursor
gchar_pos
gen_expand_wildcards
get2c
get3c
get4c
get8ctime
getDeepestNesting
get_address
get_affitem
get_affix_flags
get_arglist_exp
get_attr_entry
get_augroup_name
get_baseclass_amount
get_behave_arg
get_bkc_value
get_buf_size
get_buf_tv
get_buffcont
get_buffer_lines
get_c_indent
get_callback
get_ccline_ptr
get_channel_arg
get_char_class
get_cmd_output
get_cmd_output_as_rettv
get_cmdline_str
get_coll_element
get_command_name
get_copyID
get_cpo_flags
get_cscope_name
get_current_funccal_dict
get_deleted_augroup
get_dict_number
get_dict_string
get_dict_tv
get_digraph
get_emsg_lnum
get_emsg_source
get_encoding_default
get_env_len
get_expanded_name
get_expr_indent
get_expr_line
get_expr_name
get_expr_register
get_extra_op_char
get_file_in_dir
get_fileformat
get_flags
get_float_arg
get_func_line
get_funccal_args_ht
get_funccal_local_ht
get_function_args
get_function_name
get_group_name
get_highlight_default
get_history_arg
get_history_entry
get_history_idx
get_histtype
get_id_len
get_id_list
get_indent
get_indent_buf
get_indent_lnum
get_indent_nolabel
get_indent_str
get_input_buf
get_inserted
get_isolated_shell_name
get_job_options
get_key_name
get_keymap_str
get_lambda_tv
get_lang_arg
get_last_insert
get_last_insert_save
get_lisp_indent
get_list_line
get_list_tv
get_literal
get_literal_0
get_locales
get_loop_line
get_lval
get_maparg
get_match
get_mess_lang
get_messages_arg
get_mouse_button
get_mouse_class
get_name_len
get_nolist_virtcol
get_number
get_number_0
get_number_arg
get_number_indent
get_off_or_lnum
get_one_sourceline
get_op_char
get_op_vcol
get_op_vcol_0
get_option_tv
get_profile_name
get_pseudo_mouse_code
get_real_state
get_recorded
get_register
get_rel_pos
get_return_cmd
get_scroll_overlap
get_search_pat
get_sign_name
get_spec_reg
get_special_key_name
get_spellword
get_sts_value
get_sw_value
get_syn_options
get_syn_pattern
get_syntax_attr
get_syntax_info
get_syntax_name
get_syntime_arg
get_tagfname
get_tags
get_term_code
get_termcode
get_text_locked_msg
get_trans_bufname
get_tv_float
get_tv_lnum
get_tv_lnum_buf
get_tv_number
get_tv_number_chk
get_tv_string
get_tv_string_buf
get_tv_string_buf_chk
get_tv_string_chk
get_user_cmd_addr_type
get_user_commands
get_user_input
get_user_name
get_users
get_var_special_name
get_var_value
get_varp_scope
get_view_file
get_vim_var_list
get_vim_var_nr
get_vim_var_str
get_viminfo_parameter
get_visual_text
get_winbuf_options
get_wincmd_addr_type
get_winnr
get_winopts
get_wordnode
get_yank_register
getaltfname
getcmdline
getdigits
getdigraph
getexactdigraph
getexline
getexmodeline
getline_cookie
getline_equal
getlinecol
getmark
getmark_buf
getmark_buf_fnum
getnextac
getnextcomp
getnextmark
getoctchrs
getpos_both
getroom
getroom_save
getsourceline
gettail_sep
getvcol_nolist
getvcols
getviscol
getviscol2
getvvcol
getwinvar
give_warning
global_exe
globpath
gotchars
goto_buffer
goto_byte
goto_im
goto_tabpage_tp
goto_tabpage_win
gotocmdline
grab_file_name
gui_do_one_color
gui_get_color_cmn
halfpage
handle_key_queue
handle_mode
handle_swap_exists
handle_viminfo_history
handle_viminfo_mark
handle_x_keys
hasAnyFolding
hasFolding
has_any_channel
has_autocmd
has_compl_option
has_cursorhold
has_cursormoved
has_cursormovedI
has_env_var
has_format_option
has_insertcharpre
has_loop_cmd
has_patch
has_pending_job
has_profiling
has_textchanged
hash_add
hash_clear_all
hash_find
hash_hash
hash_init
hash_remove
hash_unlock
help_compare
helptags_cb
hex2nr
hex_digit
highlight_changed
highlight_color
highlight_gui_color_rgb
highlight_gui_started
highlight_has_attr
highlight_list_arg
highlight_list_one
hit_return_msg
hkmap
hl_has_settings
home_replace
iemsg
iemsg2
iemsgn
ignorecase
ignorecase_opt
in_cinkeys
in_cinkeys_0
in_history
in_html_tag
in_win_border
inc
inc_msg_scrolled
inchar
incl
init
init_chartab
init_class_tab
init_highlight
init_history
init_normal_cmds
init_signal_stack
init_spell_chartab
init_syl_tab
init_tv
init_users
input_available
ins_bs_one
ins_bytes
ins_bytes_len
ins_char
ins_char_bytes
ins_char_typebuf
ins_compl_active
ins_compl_add_infercase
ins_compl_add_list
ins_compl_add_matches
ins_compl_add_tv
ins_compl_addleader
ins_compl_check_keys
ins_compl_delete
ins_compl_equal
ins_compl_fixRedoBufForLeader
ins_compl_insert
ins_compl_key2count
ins_compl_new_leader
ins_compl_next
ins_compl_pum_key
ins_compl_show_pum
ins_compl_upd_pum
ins_complete
ins_copychar
ins_ctrl_
ins_ctrl_o
ins_digraph
ins_eol
ins_left
ins_pagedown
ins_pageup
ins_redraw
ins_right
ins_str
insecure_flag
insert_reg
insert_sign
insert_special
insertchar
int_wordlist_spl
internal_error
intro_message
invalid_range
invalidate_botline
invalidate_botline_win
invoke_callback
invoke_edit
isNetbeansModified
is_aff_rule
is_autocmd_blocked
is_one_char
item_compare
item_copy
item_end
j_.free
job_cleanup
job_free_contents
job_free_job
job_info
job_set_options
job_start
job_status
job_still_useful
job_stop
job_stop_on_exit
json_decode
json_decode_all
json_decode_item
json_decode_string
json_encode
json_encode_gap
json_encode_nr_expr
json_skip_white
keymap_init
keymap_unload
lalloc
lalloc_id
langmap_adjust_mb
last_csearch
last_csearch_forward
last_csearch_until
last_pat_prog
last_search_pat
last_set_msg
last_status
last_status_rec
latin_char2bytes
latin_char2cells
latin_char2len
latin_head_off
latin_off2cells
latin_ptr2cells
latin_ptr2cells_len
latin_ptr2char
latin_ptr2len
lbr_chartabsize
leave_cleanup
leave_tabpage
leftcol_changed
libcall_common
limit_screen_size
lineFolded
line_breakcheck
line_count_info
line_read_in
lineclear
linecopy
linetabsize
linewhite
list2proftime
list_alloc
list_append
list_append_tv
list_concat
list_copy
list_extend
list_find
list_find_nr
list_find_str
list_fix_watch
list_free
list_free_contents
list_free_items
list_free_list
list_free_nonref
list_func_head
list_func_vars
list_hashtable_vars
list_idx_of_item
list_insert
list_insert_tv
list_one_var_a
list_rem_watch
list_script_vars
list_unref
listdigraphs
listitem_alloc
listitem_free
listitem_remove
ll_new_list
load_colors
load_colors_0
load_current_state
lrF_sub
lrFswap
lrswap
main
main_loop
main_msg
main_start_gui
mainerr
make_case_word
make_filter_cmd
make_percent_swname
make_snapshot
make_snapshot_rec
make_tabpages
makefoldset
makemap
makeswapname
maketitle
map_clear
map_clear_int
map_free
map_mode_to_chars
map_to_exists
mark_line
match_add
match_checkcompoundpattern
match_compoundrule
match_delete
match_file_list
match_file_pat
match_follows
match_suffix
match_user
max_min
max_topfill
may_clear_sb_text
may_core_dump
may_invoke_callback
may_open_tabpage
may_start_select
maybe_intro_message
mb_adjust_cursor
mb_adjust_opend
mb_charlen
mb_charlen_len
mb_copy_char
mb_cptr2char_adv
mb_fix_col
mb_get_class
mb_get_class_buf
mb_init
mb_lefthalve
mb_off_next
mb_prevptr
mb_ptr2char_adv
mb_str2wide
mb_string2cells
mb_tail_off
mch_FullName
mch_breakcheck
mch_call_shell
mch_can_exe
mch_can_restore_icon
mch_can_restore_title
mch_chdir
mch_check_win
mch_clear_job
mch_copy_sec
mch_delay
mch_detect_ended_job
mch_dirname
mch_early_init
mch_exit
mch_expand_wildcards
mch_get_pid
mch_get_shellsize
mch_get_uname
mch_get_user_name
mch_has_exp_wildcard
mch_has_wildcard
mch_init
mch_input_isatty
mch_isFullName
mch_isdir
mch_isdir_0
mch_isrealdir
mch_job_status
mch_libcall
mch_nodetype
mch_print_begin
mch_print_begin_page
mch_print_blank_page
mch_print_cleanup
mch_print_end
mch_print_end_page
mch_print_init
mch_set_acl
mch_set_shellsize
mch_setmouse
mch_setperm
mch_settitle
mch_settmode
mch_start_job
mch_stop_job
mch_suspend
mch_total_mem
mch_write
menu_is_menubar
menu_is_separator
menu_name_equal
menu_namecmp
menu_text
message_filtered
messaging
mf_alloc_bhdr
mf_close
mf_close_file
mf_do_open
mf_free
mf_fullname
mf_get
mf_new
mf_new_page_size
mf_open
mf_open_file
mf_put
mf_release
mf_release_all
mf_set_dirty
mf_set_ffname
mf_sync
mf_trans_add
mf_trans_del
mf_write
min_rows
mkdir_recurse
mkspell
ml_append_buf
ml_close
ml_close_notmod
ml_decrypt_data
ml_encrypt_data
ml_find_line
ml_flush_line
ml_get
ml_get_curline
ml_get_cursor
ml_get_pos
ml_line_alloced
ml_lineadd
ml_new_data
ml_new_ptr
ml_open
ml_open_file
ml_open_files
ml_preserve
ml_recover
ml_replace
ml_set_b0_crypt
ml_set_crypt_key
ml_setflags
ml_setmarked
ml_setname
ml_timestamp
ml_upd_block0
ml_updatechunk
modifier_len
modname
mouse_comp_pos
mouse_find_win
mouse_has
mouse_model_popup
move_lines
movechangelist
movemark
msg
msg_add_eol
msg_add_fileformat
msg_add_fname
msg_add_lines
msg_attr
msg_check
msg_check_0
msg_clr_cmdline
msg_clr_eos
msg_clr_eos_force
msg_end
msg_end_prompt
msg_home_replace
msg_home_replace_attr
msg_home_replace_hl
msg_make
msg_may_trunc
msg_moremsg
msg_outtrans
msg_outtrans_attr
msg_outtrans_len
msg_outtrans_len_attr
msg_outtrans_one
msg_outtrans_special
msg_putchar
msg_putchar_attr
msg_puts
msg_puts_attr
msg_puts_attr_len
msg_puts_long_attr
msg_puts_title
msg_sb_eol
msg_screen_putchar
msg_scroll_up
msg_source
msg_start
msg_starthere
msg_strtrunc
msg_trunc_attr
msg_use_printf
msgmore
my_iconv_open
my_iconv_open_0
n_start_visual_mode
nb_bufp2nbbuf_fire
nb_channel_closed
nb_do_cmd
nb_get_buf
nb_joinlines
nb_quote
nb_reply_nil
nb_reply_nr
nb_reply_text
nb_send
nb_set_curbuf
nb_unquote
need_conversion
netbeans_active
netbeans_button_release
netbeans_close
netbeans_deleted_all_lines
netbeans_end
netbeans_file_activated
netbeans_file_killed
netbeans_file_opened
netbeans_inserted
netbeans_is_guarded
netbeans_keycommand
netbeans_keystring
netbeans_open
netbeans_parse_messages
netbeans_removed
netbeans_save_buffer
netbeans_send_disconnect
newFoldLevelWin
new_script_vars
newwindow
next_fenc
nextwild
nfa_reg
nfa_regbranch
nfa_regcomp
nfa_regconcat
nfa_regexec_both
nfa_regexec_multi
nfa_regmatch
no_spell_checking
nofail
nomem
nomem
normal_cmd
normal_end
normal_search
not_exiting
not_writing_0
nullsub_5
nullsub_7
nullsub_8
number_width
nv_Replace
nv_Undo
nv_Zet
nv_abbrev
nv_addsub
nv_at
nv_bck_word
nv_beginline
nv_brace
nv_brackets
nv_colon
nv_compare
nv_csearch
nv_ctrlg
nv_ctrlh
nv_ctrlo
nv_cursorhold
nv_cursormark
nv_diffgetput
nv_dollar
nv_down
nv_edit
nv_end
nv_esc
nv_exmode
nv_findpar
nv_g_cmd
nv_gomark
nv_gotofile
nv_halfpage
nv_hat
nv_help
nv_home
nv_kundo
nv_left
nv_lineop
nv_mark
nv_mouse
nv_nbcmd
nv_next
nv_operator
nv_optrans
nv_pcmark
nv_percent
nv_pipe
nv_put
nv_record
nv_redo
nv_regname
nv_replace
nv_right
nv_screengo
nv_scroll_line
nv_subst
nv_suspend
nv_tagpop
nv_tilde
nv_undo
nv_window
nv_wordcmd
nv_zet
onecap_copy
oneleft
onepage
oneright
only_one_window
opFoldRange
op_addsub
op_colon
op_delete
op_formatexpr
op_insert
op_on_lines
op_reindent
op_replace
op_tilde
op_yank
openFold
openFoldRecurse
open_buffer
open_exfile
open_spellbuf
openscript
opt_strings_flags
option_expand
option_value2string
other_sourcing_name
otherfile
out_char
out_char_nf
out_flush
out_flush_check
out_str
out_str_0
outofmem
paragraph_start
parseMarker
parse_addr_type_arg
parse_compl_arg
parse_line
parse_match
parse_printmbfont
parse_printoptions
parse_queued_messages
parse_shape_opt
partial_name
partial_unref
path_is_url
path_with_url
pchar_cursor
peekchr
plain_vgetc
plines
plines_m_win
plines_nofill
plines_win
plines_win_col
plines_win_nofill
plines_win_nofold
pop_showcmd
popup_mode_name
post2nfa
post_chdir
prep_exarg
prep_redo
prep_redo_cmd
prepare_assert_error
prepare_to_exit
prepare_viminfo_history
prepare_viminfo_marks
prepare_viminfo_registers
preserve_exit
print_fail
print_fail_no_begin
print_line
print_line_no_prefix
printdigraph
process_env
prof_child_enter
prof_child_exit
prof_inchar_enter
prof_inchar_exit
profile_add
profile_cmp
profile_divide
profile_dump
profile_end
profile_equal
profile_float
profile_msg
profile_passed_limit
profile_self
profile_setlimit
profile_setlimit_0
profile_start
profile_sub
profile_zero
prompt_for_number
prt_add_resource
prt_build_cid_fontname
prt_check_resource
prt_def_font
prt_def_var
prt_dsc_font_resource
prt_dsc_noarg
prt_dsc_resources
prt_dsc_textline
prt_dup_cidfont
prt_find_resource
prt_get_attr
prt_open_resource
prt_resfile_skip_nonws
prt_resfile_skip_ws
prt_resource_name
prt_set_font
prt_write_boolean
prt_write_file_raw_len
prt_write_int
prt_write_string
ptr2cells
pum_clear
pum_display
pum_redraw
pum_undisplay
pum_visible
push_current_state
push_next_match
push_showcmd
put_and_redo
put_bytes
put_curr_and_l_to_X
put_eol
put_escstr
put_fold_open_close
put_foldopen_recurse
put_folds
put_folds_recurse
put_in_typebuf
put_line
put_node
put_reedit_in_typebuf
put_setbool
put_setnum
put_setstring
put_time
putcmdline
putcmdline_0
qf_add_entry
qf_age
qf_clean_dir_stack
qf_current_entry
qf_free_all
qf_get_fnum
qf_grow_linebuf
qf_history
qf_init_ext
qf_mark_adjust
qf_msg
qf_pop_dir
qf_store_title
qf_types
quote_meta
re_mult_next
re_multi_type
re_multiline
read_buffer
read_eintr
read_error_exit
read_from_input_buf
read_limits
read_readbuffers
read_redo
read_rep_section
read_viminfo_bufferlist
read_viminfo_filemark
read_viminfo_history
read_viminfo_search_pattern
read_words_section
readbuf1_empty
readfile
realloc_post_list
recording_mode
recov_file_names
recover_names
recursive_regmatch
redir_write
redirecting
redo_literal
redraw_all_later
redraw_curbuf_later
redraw_custom_statusline
redraw_for_cursorline
redraw_later
redraw_later_clear
redraw_statuslines
redraw_win_later
redraw_win_later_0
redrawcmd
redrawcmdline
redrawcmdline_0
redrawcmdprompt
redrawing
ref_extmatch
reg
reg_getline
reg_getline_submatch
reg_match_visual
reg_nextline
reg_prev_class
reg_restore
reg_submatch
reg_submatch_list
regatom
regc
regcomp_start
reginsert
reginsert_limits
register_closure
register_tm_clones
regmbc
regnode
regstack_push
rem_backslash
remove_key_from_history
remove_tail
rename_buffer
repeat_message
repl_cmdline
replace_do_bs
replace_pop_ins
replace_push
replace_termcodes
report_make_pending
report_pending
report_re_switch
reset_VIsual
reset_VIsual_and_resel
reset_cterm_colors
reset_expand_highlight
reset_last_sourcing
reset_modifiable
reset_option_was_set
reset_search_dir
reset_signals
reset_v_option_vars
resettitle
restore_buffer
restore_cmdline_alloc
restore_cterm_colors
restore_current_funccal
restore_funccal
restore_search_patterns
restore_snapshot
restore_snapshot_rec
restore_start_dir
restore_typeahead
restore_vimvar
restore_win
retry
rettv_dict_alloc
return_dead
returncmd
rewind_conditionals
rl_mirror
safe_vgetc
same_directory
same_leader
saveRedobuff
save_file_ff
save_re_pat
save_search_patterns
save_typeahead
save_typebuf
screen_char
screen_char_2
screen_draw_rectangle
screen_fill
screen_getbytes
screen_ins_lines
screen_line
screen_puts
screen_puts_len
screen_puts_mbyte
screen_screencol
screen_screenrow
screen_start
screen_stop_highlight
screen_valid
screenalloc
screenclear
screenclear2
script_autoload
script_get
script_line_end
script_line_exec
script_line_start
script_prof_save
scroll_cursor_bot
scroll_cursor_halfway
scroll_cursor_top
scroll_redraw
scroll_region_reset
scroll_region_set
scroll_start
scroll_to_fraction
scrolldown
scrolldown_clamp
scrollup
search_cmn
search_for_exact_line
search_line
search_regcomp
searchc
searchpair_cmn
select_eintr
send_common
separate_nextcmd
ses_arglist
ses_put_fname
ses_win_rec
setFoldRepeat
set_b0_fname
set_buflisted
set_callback
set_chars_option
set_child_environment
set_cmdarg
set_cmdline_pos
set_cmdspos
set_cmdspos_cursor
set_color_count
set_completion
set_context_for_expression
set_context_in_cscope_cmd
set_context_in_echohl_cmd
set_context_in_highlight_cmd
set_context_in_map_cmd
set_context_in_menu_cmd
set_context_in_profile_cmd
set_context_in_set_cmd
set_context_in_sign_cmd
set_context_in_syntax_cmd
set_csearch_direction
set_csearch_until
set_curbuf
set_empty_rows
set_empty_rows_0
set_errorlist
set_expand_context
set_expr_line
set_fileformat
set_forced_fenc
set_helplang_default
set_hl_attr
set_iminsert_global
set_imsearch_global
set_init_1
set_init_3
set_input_buf
set_internal_string_var
set_keep_msg
set_keep_msg_from_hist
set_lang_var
set_last_csearch
set_last_cursor
set_last_insert
set_last_search_pat
set_mouse_termcode
set_mouse_topline
set_normal_colors
set_number_default
set_op_var
set_option_default
set_option_scriptID_idx
set_options_bin
set_options_default
set_qf_ll_list
set_ref_in_channel
set_ref_in_func_args
set_ref_in_functions
set_ref_in_job
set_ref_in_nb_channel
set_ref_in_previous_funccal
set_ref_in_timer
set_reg_var
set_rw_fname
set_search_direction
set_search_match
set_shellsize
set_signals
set_spell_finish
set_string_default
set_string_option_direct
set_term_defaults
set_term_option_alloced
set_termname
set_title_defaults
set_topline
set_var
set_vcount
set_vim_var_dict
set_vim_var_list
set_vim_var_nr
set_vim_var_string
setaltfname
setcursor
setcursor_0
setfname
setmark
setmark_pos
setmouse
setpcmark
settmode
setwinvar
sha256_bytes
sha256_key
sha256_self_test
sha256_update
sha256_update_0
sha2_seed
shell_new_rows
shell_resized
shell_resized_check
shift_line
shorten_fname
shorten_fname1
shorten_fnames
shortmess
should_abort
show_autocmd
show_menus
show_menus_recursive
show_one_mark
show_one_termcode
show_pat_in_path
show_sb_text
show_termcodes
show_utf8
showmap
showmatches
showoneopt
showoptions
showruler
sign_get_attr
sign_get_text
sign_list_defined
sign_typenr2name
simplify_filename
simplify_key
skip
skip
skip_expr
skip_label
skip_range
skip_regexp
skip_status_match_char
skip_to_start
skip_var_list
skip_var_one
skip_vimgrep_pat
skipchr
skiptowhite
slang_alloc
slang_free
smsg
smsg_attr
someerror
someerror
sort_compare
sort_compare_0
sort_strings
sortend
source_all_matches
source_breakpoint
source_finished
spell_add_word
spell_casefold
spell_cat_line
spell_check_msm
spell_delete_wordlist
spell_enc
spell_find_cleanup
spell_find_suggest
spell_free_all
spell_info_item
spell_iswordp
spell_iswordp_nmw
spell_load_cb
spell_load_file
spell_message
spell_move_to
spell_read_aff
spell_reload
spell_soundfold
spell_suggest
spell_suggest_list
spell_to_word_end
st_error
start
start_arrow_common
start_redo_ins
start_search_hl
start_selection
starttermcap
staterr
status_match_len
status_redraw_curbuf
stop_all_timers
stop_arrow
stop_redo_ins
stop_timer
stop_timer_0
stoptermcap
store_loop_line
store_session_globals
str2special_save
str2specialbuf
str_foldcase
str_to_reg
string2float
string_convert
string_quote
string_to_key
stuffReadbuff
stuffReadbuffLen
stuffRedoReadbuff
stuff_empty
stuff_inserted
stuffcharReadbuff
stuffescaped
stuffnumReadbuff
sug_compare
suggest_load_files
swapchar
swapchars
swapfile_info
swapping_screen
switch_buffer
switch_win
syn_check_cluster
syn_clear_pattern
syn_cmd_clear
syn_cmd_cluster
syn_cmd_enable
syn_cmd_include
syn_cmd_iskeyword
syn_cmd_list
syn_cmd_manual
syn_cmd_match
syn_cmd_off
syn_cmd_onoff
syn_cmd_reset
syn_cmd_spell
syn_cmd_sync
syn_combine_list
syn_compare_syntime
syn_current_attr
syn_finish_line
syn_get_id
syn_get_stack_item
syn_get_sub_char
syn_id2name
syn_incl_toplevel
syn_lines_msg
syn_list_cluster
syn_list_flags
syn_list_header
syn_list_one
syn_match_msg
syn_regexec
syn_remove_pattern
syn_scl_name2id
syn_stack_apply_changes
syn_stack_apply_changes_block
syn_stack_cleanup
syn_stack_equal
syn_stack_free_all
syn_start_line
syntax_clear
syntax_end_parsing
syntax_present
syntax_start
t_puts
tabline_height
tabline_height_0
tabpage_close
tabpage_close_other
tabpage_index
tabpage_move
tabpage_new
tag_freematch
tag_full_fname
tagname_free
term_append_lines
term_bg_color
term_bg_default
term_bg_rgb_color
term_cursor_shape
term_delete_lines
term_fg_color
term_fg_rgb_color
term_is_8bit
term_is_8bit_0
term_set_winpos
term_set_winsize
term_settitle
term_windgoto
termgui_get_color
test_for_static
text_locked
text_locked_msg
tgetent_error
theend
theend
theend
theend
theend
theend
theend
theend
theend
theend
theend
theend
theend
theend
throw_exception
ti_change
tilde_replace
time_diff
time_msg
time_pop
time_to_bytes
toF_TyA
toF_Xor_X_
topline_back
trans_characters
trans_function_name
trans_special
transchar
transchar_byte
transchar_nonprint
translate_mapping
translated_function_exists
transstr
trash_input_buf
tree_count_words
trigger_cursorhold
truncate_line
truncerr
ttest
tv2string
tv_check_lock
tv_equal
tv_islocked
tv_nr
tv_op
tv_str
typeahead_noflush
typebuf_maplen
typebuf_typed
u_add_time
u_blockfree
u_clearline
u_compute_hash
u_doit
u_eval_tree
u_find_first_changed
u_free_uhp
u_freebranch
u_freeentries
u_freeentry
u_freeheader
u_get_undo_file_name
u_getbot
u_read_undo
u_redo
u_save
u_save_cursor
u_savecommon
u_savedel
u_saveline
u_savesub
u_sync
u_unch_branch
u_unchanged
u_undo
u_undo_end
u_undoline
u_undoredo
u_update_save_nr
u_write_undo
ui_char_avail
ui_cursor_shape
ui_delay
ui_get_shellsize
ui_inchar
ui_new_shellsize
ui_set_shellsize
ui_suspend
ui_write
unadjust_for_sel
unblock_autocmds
unchanged
undisplay_dollar
undo_allowed
undo_read
undo_read_2c
undo_read_4c
undo_read_byte
undo_read_time
undo_write
undo_write_bytes
unputcmdline
unref_extmatch
unref_extmatch_0
unref_var_dict
unserialize_pos
unset_global_local_option
unshift_special
unshowmode
update_curbuf
update_curswant
update_debug_sign
update_force_abort
update_screen
update_si_attr
update_si_end
update_topline_cursor
update_topline_redraw
updatescript
use_multibytecode
use_xterm_like_mouse
using_script
utf_ambiguous_width
utf_byte2len
utf_char2bytes
utf_char2cells
utf_char2len
utf_composinglike
utf_find_illegal
utf_fold
utf_fold_0
utf_iscomposing
utf_isupper
utf_off2cells
utf_printable
utf_ptr2cells
utf_ptr2cells_len
utf_ptr2char
utf_ptr2len
utf_ptr2len_len
utf_safe_read_char_adv
utfc_char2bytes
utfc_ptr2char
utfc_ptr2len_len
v_exception
v_throwpoint
v_visop
valid_filetype
valid_tabpage
valid_varname
valid_yank_reg
validate_botline
validate_cursor
validate_cursor_col
validate_maphash
var2fpos
vars_clear
vars_clear_ext
verb_msg
verbose_enter
verbose_enter_scroll
verbose_leave
verbose_leave_0
verbose_leave_scroll
verbose_open
verbose_stop
version_msg
vgetc
vim_FullName
vim_backtick
vim_chdir
vim_deltempdir
vim_dialog_yesno
vim_dialog_yesnoallcancel
vim_dialog_yesnocancel
vim_fexists
vim_fgets
vim_findfile
vim_findfile_cleanup
vim_findfile_free_visited_list
vim_findfile_init
vim_fnamecmp
vim_fnamencmp
vim_free
vim_getenv
vim_handle_signal
vim_isAbsName
vim_isIDc
vim_is_ctrl_x_key
vim_is_fastterm
vim_is_input_buf_empty
vim_is_iris
vim_is_vt300
vim_is_xterm
vim_isbdigit
vim_isblankline
vim_isdigit
vim_isfilec
vim_isfilec_or_wc
vim_islower
vim_ispathsep
vim_isprintc
vim_isprintc_strict
vim_isspace
vim_isupper
vim_iswordc
vim_mkdir_emsg
vim_regcomp
vim_regcomp_had_eol
vim_regexec
vim_regexec_both
vim_regexec_multi
vim_regexec_nl
vim_regexec_prog
vim_regfree
vim_regsub
vim_regsub_both
vim_regsub_multi
vim_rename
vim_setenv
vim_snprintf
vim_snprintf_add
vim_strbyte
vim_strnsave_up
vim_strrchr
vim_strsave
vim_strsave_escaped
vim_strsave_escaped_ext
vim_strsave_fnameescape
vim_strsave_shellescape
vim_strsave_up
vim_strsize
vim_time
vim_tolower
vim_toupper
vim_version_dir
viminfo_error
viminfo_filename
viminfo_readline
viminfo_readstring
viminfo_writestring
vimlist_remove
vimrc_found
virtual_active
vpeekc
vungetc
wait4pid
was_set_insecurely
win_alloc
win_alloc_aucmd_win
win_alloc_first
win_alloc_firstwin
win_alloc_lines
win_altframe
win_close
win_close_othertab
win_col_off
win_col_off2
win_comp_pos
win_comp_scroll
win_copy_options
win_count
win_del_lines
win_draw_end
win_enter
win_enter_ext
win_equal
win_equal_rec
win_findbuf
win_found
win_free
win_free_lsize
win_getid
win_goto
win_id2tabwin
win_id2win
win_id2wp
win_ins_lines
win_lbr_chartabsize
win_line
win_move_after
win_new_tabpage
win_new_width
win_redr_ruler
win_redr_status_0
win_rest_invalid
win_rotate
win_setheight
win_setheight_win
win_setminheight
win_setwidth
win_size_restore
win_size_save
win_split
win_update
windgoto
wingotofile
wordtree_compress
write_buffer_marks
write_eintr
write_list
write_lnum_adjust
write_reg_contents
write_reg_contents_lst
write_spell_prefcond
write_string
write_viminfo_bufferlist
write_viminfo_filemarks
write_viminfo_history
write_viminfo_marks
write_viminfo_registers
write_viminfo_sub_string
write_viminfo_varlist
wvsp_one
yank_copy_line
yank_register_mline

symbols: 3184
